---
source: crates/article_scraper/src/scraper.rs
expression: document.content_text
---
The Siren Song of Temporal Synthesis 
Moshe Y. Vardi 
Rice University 
Verification 
Model Checking: 
• Given: Program P, Specification ϕ. 
• Task: Check that P satisfies ϕ 
Success: 
• Algorithmic methods: temporal specifications and finite-state programs. 
• Also: Certain classes of infinite-state programs 
• Tools: SMV, SPIN, SLAM, etc. 
• Impact on industrial design practice is increasing. 
Problems: 
• Designing P is hard and expensive. 
• Redesigning P when P does not model ϕ is hard and expensive. 
1 
Automated Design 
Basic Idea: 
• Start from spec ϕ, design P s.t. P satisfies ϕ. 
Advantage: 
– No verification – No re-design 
• Derive P from ϕ algorithmically. 
Advantage: 
– No design 
In essenece: Declarative programming taken to the limit. 
Harel, 2008: “Can Programming be Liberated, Period?” 
2 
Program Synthesis 
The Basic Idea: “Mechanical translation of human-understandable task specifications to a program that is known to meet the specifications.” 
Deductive Approach (Green, 1969, Waldinger and Lee, 1969, Manna and Waldinger, 1980) 
• Prove realizability of function, e.g., (∀x)(∃y)(Pre(x) →Post(x, y)) 
• Extract program from realizability proof. 
Classical vs. Temporal Synthesis: 
• Classical: Synthesize transformational programs 
• Temporal: Synthesize programs for ongoing computations (protocols, operating systems, controllers, robots, etc.) 
3 
Temporal Logic 
Linear Temporal logic (LTL): logic of temporal sequences (Pnueli, 1977) 
Main feature: time is implicit 
• next ϕ: ϕ holds in the next state. 
• eventually ϕ: ϕ holds eventually 
• always ϕ: ϕ holds from now on 
• ϕ until ψ: ϕ holds until ψ holds. 
Semantics: over infinite traces 
• π, w |= next ϕ if w • ✲• ϕ 
✲• ✲• ✲•. . . 
• π, w |= ϕ until ψ if w • ϕ 
✲• ϕ 
✲• ϕ 
✲• ψ 
✲•. . . 
4
